[backblue.gif]
[fade.gif]
[index.html]
[i.ibb.co/ThrN4PL/favicon-apptime.png]
[hcaptcha.com/1/api.js]
[pro.fontawesome.com/releases/v6.0.0-beta3/css/all.css]
[pagead2.googlesyndication.com/pagead/js/f0d43.txt]
[external.html]
[cdn.discordapp.com/attachments/772882333471735810/963090958512185355/favicon_apptime.png]
[cdn.discordapp.com/attachments/831623233232044083/1004457297117978684/dashboard.png]
[i.ibb.co/qJR323k/yellow-shape.png]
[i.ibb.co/gm3Ycgg/green-shape.png]
[i.ibb.co/zZjSNLJ/1.png]
[i.ibb.co/jTc7StS/2.png]
[i.ibb.co/XCTGY0Z/3.png]
[i.ibb.co/tzQm6nH/4.png]
[i.ibb.co/BfMcYNL/5.png]
[i.ibb.co/3y6RPRV/explore.png]
[i.ibb.co/Hn1v8fQ/connect.png]
[i.ibb.co/DRs9wRw/chart-growth.png]
[i.ibb.co/k6LtKmG/storage.png]
[cdn.discordapp.com/attachments/772882333471735810/1011311352729567333/2.png]
[i.ibb.co/qNqzCWF/yellow-card.png]
[i.ibb.co/b1P7HSx/big-green-circle-img.png]
[i.ibb.co/McZLZnX/apple-button.png]
[i.ibb.co/PCSrt2X/google-play-button.png]
[i.ibb.co/GxC0rnR/section-overlay-1.png]
[www.worldometers.info/img/flags/small/tn_tu-flag.gif]
[www.worldometers.info/img/flags/small/tn_us-flag.gif]
[www.worldometers.info/img/flags/small/tn_sp-flag.gif]
[www.worldometers.info/img/flags/small/tn_uk-flag.gif]
[www.worldometers.info/img/flags/small/tn_in-flag.gif]
[cdnjs.cloudflare.com/ajax/libs/jquery/1.12.4/jquery.min.js]
[apptime.eu.org/preloader.js]
[apptime.eu.org/landing/js/vendor.min.js]
[apptime.eu.org/landing/js/jquery.fancybox.min.js]
[apptime.eu.org/landing/js/jquery.nice-select.min.js]
[apptime.eu.org/landing/js/aos.min.js]
[apptime.eu.org/landing/js/slick.min.js]
[apptime.eu.org/landing/js/jquery.counterup.min.js]
[apptime.eu.org/landing/js/jquery.waypoints.min.js]
[apptime.eu.org/index.html]
[apptime.eu.org/landing/css/bootstrap.css]
[apptime.eu.org/landing/css/typo.css]
[apptime.eu.org/landing/css/aos.min.css]
[apptime.eu.org/landing/css/slick.min.css]
[apptime.eu.org/landing/js/custom.js]
[apptime.eu.org/landing/css/main.css]
[apptime.eu.org/preloader.css]
[pro.fontawesome.com/releases/v6.0.0-beta3/css/all.css]
[apptime.eu.org/users/signup.html]
[apptime.eu.org/users/signin.html]
[apptime.eu.org/legal/terms.html]
[apptime.eu.org/legal/privacy.html]
[apptime.eu.org/legal/disclaimer.html]
[apptime.eu.org/legal/cookie.html]
[apptime.eu.org/landing/css/jquery.fancybox.min.css]
[apptime.eu.org/landing/css/nice-select.min.css]
[apptime.eu.org/image/home-1/png/rectangle.html]
[apptime.eu.org/image/home-1/jpg/hero-bg-1.html]
[apptime.eu.org/image/home-2/jpg/promo-bg-img.html]
[apptime.eu.org/users/forgot-password.html]
[apptime.eu.org/image/home-1/png/image/inner-page/png/404-error-img.html]
[apptime.eu.org/image/home-1/jpg/image/inner-page/png/404-error-img.html]
[apptime.eu.org/image/home-2/jpg/image/inner-page/png/404-error-img.html]
[apptime.eu.org/image/home-1/png/image/inner-page/png/image/inner-page/png/404-error-img.html]
[apptime.eu.org/image/home-1/jpg/image/inner-page/png/image/inner-page/png/404-error-img.html]
[apptime.eu.org/image/home-2/jpg/image/inner-page/png/image/inner-page/png/404-error-img.html]
[apptime.eu.org/image/home-1/png/image/inner-page/png/image/inner-page/png/image/inner-page/png/404-error-img.html]
[apptime.eu.org/image/home-1/jpg/image/inner-page/png/image/inner-page/png/image/inner-page/png/404-error-img.html]
[apptime.eu.org/image/home-2/jpg/image/inner-page/png/image/inner-page/png/image/inner-page/png/404-error-img.html]
[apptime.eu.org/image/home-1/png/image/inner-page/png/image/inner-page/png/image/inner-page/png/image/inner-page/png/404-error-img.html]
[apptime.eu.org/image/home-1/jpg/image/inner-page/png/image/inner-page/png/image/inner-page/png/image/inner-page/png/404-error-img.html]
[apptime.eu.org/image/home-2/jpg/image/inner-page/png/image/inner-page/png/image/inner-page/png/image/inner-page/png/404-error-img.html]
[apptime.eu.org/image/home-1/png/image/inner-page/png/image/inner-page/png/image/inner-page/png/image/inner-page/png/image/inner-page/png/404-error-img.html]
[apptime.eu.org/image/home-1/jpg/image/inner-page/png/image/inner-page/png/image/inner-page/png/image/inner-page/png/image/inner-page/png/404-error-img.html]
[apptime.eu.org/image/home-2/jpg/image/inner-page/png/image/inner-page/png/image/inner-page/png/image/inner-page/png/image/inner-page/png/404-error-img.html]
[apptime.eu.org/image/home-1/png/image/inner-page/png/image/inner-page/png/image/inner-page/png/image/inner-page/png/image/inner-page/png/image/inner-page/png/404-error-img.html]
[apptime.eu.org/image/home-1/jpg/image/inner-page/png/image/inner-page/png/image/inner-page/png/image/inner-page/png/image/inner-page/png/image/inner-page/png/404-error-img.html]
[apptime.eu.org/image/home-2/jpg/image/inner-page/png/image/inner-page/png/image/inner-page/png/image/inner-page/png/image/inner-page/png/image/inner-page/png/404-error-img.html]
[apptime.eu.org/image/home-1/png/image/inner-page/png/image/inner-page/png/image/inner-page/png/image/inner-page/png/image/inner-page/png/image/inner-page/png/image/inn/404-error-img.4c.delaye]
[apptime.eu.org/image/home-1/jpg/image/inner-page/png/image/inner-page/png/image/inner-page/png/image/inner-page/png/image/inner-page/png/image/inner-page/png/image/inn/404-error-img.4d.delaye]
[apptime.eu.org/image/home-2/jpg/image/inner-page/png/image/inner-page/png/image/inner-page/png/image/inner-page/png/image/inner-page/png/image/inner-page/png/image/inn/404-error-img.4e.delaye]
[apptime.eu.org/image/home-1/png/image/inner-page/png/image/inner-page/png/image/inner-page/png/image/inner-page/png/image/inner-page/png/image/inner-page/png/image/inn/404-error-img.4f.delaye]
[apptime.eu.org/image/home-1/jpg/image/inner-page/png/image/inner-page/png/image/inner-page/png/image/inner-page/png/image/inner-page/png/image/inner-page/png/image/inn/404-error-img.50.delaye]
[apptime.eu.org/image/home-2/jpg/image/inner-page/png/image/inner-page/png/image/inner-page/png/image/inner-page/png/image/inner-page/png/image/inner-page/png/image/inn/404-error-img.51.delaye]
[apptime.eu.org/image/home-1/png/image/inner-page/png/image/inner-page/png/image/inner-page/png/image/inner-page/png/image/inner-page/png/image/inner-page/png/image/inn/404-error-img.52.delaye]
[apptime.eu.org/image/home-1/jpg/image/inner-page/png/image/inner-page/png/image/inner-page/png/image/inner-page/png/image/inner-page/png/image/inner-page/png/image/inn/404-error-img.53.delaye]
[apptime.eu.org/image/home-2/jpg/image/inner-page/png/image/inner-page/png/image/inner-page/png/image/inner-page/png/image/inner-page/png/image/inner-page/png/image/inn/404-error-img.54.delaye]
[apptime.eu.org/image/home-1/png/image/inner-page/png/image/inner-page/png/image/inner-page/png/image/inner-page/png/image/inner-page/png/image/inner-page/png/image/inn/404-error-img.55.delaye]
[apptime.eu.org/image/home-1/jpg/image/inner-page/png/image/inner-page/png/image/inner-page/png/image/inner-page/png/image/inner-page/png/image/inner-page/png/image/inn/404-error-img.56.delaye]
[apptime.eu.org/image/home-2/jpg/image/inner-page/png/image/inner-page/png/image/inner-page/png/image/inner-page/png/image/inner-page/png/image/inner-page/png/image/inn/404-error-img.57.delaye]
[apptime.eu.org/image/home-1/png/image/inner-page/png/image/inner-page/png/image/inner-page/png/image/inner-page/png/image/inner-page/png/image/inner-page/png/image/inn/404-error-img.58.delaye]
[apptime.eu.org/image/home-1/jpg/image/inner-page/png/image/inner-page/png/image/inner-page/png/image/inner-page/png/image/inner-page/png/image/inner-page/png/image/inn/404-error-img.59.delaye]
[apptime.eu.org/image/home-2/jpg/image/inner-page/png/image/inner-page/png/image/inner-page/png/image/inner-page/png/image/inner-page/png/image/inner-page/png/image/inn/404-error-img.5a.delaye]
[apptime.eu.org/image/home-1/png/image/inner-page/png/image/inner-page/png/image/inner-page/png/image/inner-page/png/image/inner-page/png/image/inner-page/png/image/inn/404-error-img.5b.delaye]
[apptime.eu.org/image/home-1/jpg/image/inner-page/png/image/inner-page/png/image/inner-page/png/image/inner-page/png/image/inner-page/png/image/inner-page/png/image/inn/404-error-img.5c.delaye]
[apptime.eu.org/image/home-2/jpg/image/inner-page/png/image/inner-page/png/image/inner-page/png/image/inner-page/png/image/inner-page/png/image/inner-page/png/image/inn/404-error-img.5d.delaye]
[apptime.eu.org/image/home-1/png/image/inner-page/png/image/inner-page/png/image/inner-page/png/image/inner-page/png/image/inner-page/png/image/inner-page/png/image/inn/404-error-img.5e.delaye]
[apptime.eu.org/image/home-1/jpg/image/inner-page/png/image/inner-page/png/image/inner-page/png/image/inner-page/png/image/inner-page/png/image/inner-page/png/image/inn/404-error-img.5f.delaye]
[apptime.eu.org/image/home-2/jpg/image/inner-page/png/image/inner-page/png/image/inner-page/png/image/inner-page/png/image/inner-page/png/image/inner-page/png/image/inn/404-error-img.60.delaye]
[apptime.eu.org/image/home-1/png/image/inner-page/png/image/inner-page/png/image/inner-page/png/image/inner-page/png/image/inner-page/png/image/inner-page/png/image/inn/404-error-img.61.delaye]
[apptime.eu.org/image/home-1/jpg/image/inner-page/png/image/inner-page/png/image/inner-page/png/image/inner-page/png/image/inner-page/png/image/inner-page/png/image/inn/404-error-img.62.delaye]
[apptime.eu.org/image/home-2/jpg/image/inner-page/png/image/inner-page/png/image/inner-page/png/image/inner-page/png/image/inner-page/png/image/inner-page/png/image/inn/404-error-img.63.delaye]
[apptime.eu.org/image/home-1/png/image/inner-page/png/image/inner-page/png/image/inner-page/png/image/inner-page/png/image/inner-page/png/image/inner-page/png/image/inn/404-error-img.64.delaye]
[apptime.eu.org/image/home-1/jpg/image/inner-page/png/image/inner-page/png/image/inner-page/png/image/inner-page/png/image/inner-page/png/image/inner-page/png/image/inn/404-error-img.65.delaye]
[apptime.eu.org/image/home-2/jpg/image/inner-page/png/image/inner-page/png/image/inner-page/png/image/inner-page/png/image/inner-page/png/image/inner-page/png/image/inn/404-error-img.66.delaye]
[apptime.eu.org/image/home-1/png/image/inner-page/png/image/inner-page/png/image/inner-page/png/image/inner-page/png/image/inner-page/png/image/inner-page/png/image/inn/404-error-img.67.delaye]
[apptime.eu.org/image/home-1/jpg/image/inner-page/png/image/inner-page/png/image/inner-page/png/image/inner-page/png/image/inner-page/png/image/inner-page/png/image/inn/404-error-img.68.delaye]
[apptime.eu.org/image/home-2/jpg/image/inner-page/png/image/inner-page/png/image/inner-page/png/image/inner-page/png/image/inner-page/png/image/inner-page/png/image/inn/404-error-img.69.delaye]
[apptime.eu.org/image/home-1/png/image/inner-page/png/image/inner-page/png/image/inner-page/png/image/inner-page/png/image/inner-page/png/image/inner-page/png/image/inn/404-error-img.6a.delaye]
[apptime.eu.org/image/home-2/jpg/image/inner-page/png/image/inner-page/png/image/inner-page/png/image/inner-page/png/image/inner-page/png/image/inner-page/png/image/inn/404-error-img.6c.delaye]
[apptime.eu.org/image/home-1/png/image/inner-page/png/image/inner-page/png/image/inner-page/png/image/inner-page/png/image/inner-page/png/image/inner-page/png/image/inn/404-error-img.6d.delaye]
[apptime.eu.org/image/home-1/jpg/image/inner-page/png/image/inner-page/png/image/inner-page/png/image/inner-page/png/image/inner-page/png/image/inner-page/png/image/inn/404-error-img.6b.delaye]
[apptime.eu.org/image/home-2/jpg/image/inner-page/png/image/inner-page/png/image/inner-page/png/image/inner-page/png/image/inner-page/png/image/inner-page/png/image/inn/404-error-img.6e.delaye]
[apptime.eu.org/image/home-1/png/image/inner-page/png/image/inner-page/png/image/inner-page/png/image/inner-page/png/image/inner-page/png/image/inner-page/png/image/inn/404-error-img.6f.delaye]
[apptime.eu.org/image/home-1/jpg/image/inner-page/png/image/inner-page/png/image/inner-page/png/image/inner-page/png/image/inner-page/png/image/inner-page/png/image/inn/404-error-img.70.delaye]
[apptime.eu.org/image/home-2/jpg/image/inner-page/png/image/inner-page/png/image/inner-page/png/image/inner-page/png/image/inner-page/png/image/inner-page/png/image/inn/404-error-img.71.delaye]
[apptime.eu.org/image/home-1/png/image/inner-page/png/image/inner-page/png/image/inner-page/png/image/inner-page/png/image/inner-page/png/image/inner-page/png/image/inn/404-error-img.72.delaye]
[apptime.eu.org/image/home-1/jpg/image/inner-page/png/image/inner-page/png/image/inner-page/png/image/inner-page/png/image/inner-page/png/image/inner-page/png/image/inn/404-error-img.73.delaye]
[apptime.eu.org/image/home-2/jpg/image/inner-page/png/image/inner-page/png/image/inner-page/png/image/inner-page/png/image/inner-page/png/image/inner-page/png/image/inn/404-error-img.74.delaye]
[apptime.eu.org/image/home-1/png/image/inner-page/png/image/inner-page/png/image/inner-page/png/image/inner-page/png/image/inner-page/png/image/inner-page/png/image/inn/404-error-img.75.delaye]
[apptime.eu.org/image/home-1/jpg/image/inner-page/png/image/inner-page/png/image/inner-page/png/image/inner-page/png/image/inner-page/png/image/inner-page/png/image/inn/404-error-img.76.delaye]
[apptime.eu.org/image/home-2/jpg/image/inner-page/png/image/inner-page/png/image/inner-page/png/image/inner-page/png/image/inner-page/png/image/inner-page/png/image/inn/404-error-img.77.delaye]
[apptime.eu.org/image/home-1/png/image/inner-page/png/image/inner-page/png/image/inner-page/png/image/inner-page/png/image/inner-page/png/image/inner-page/png/image/inn/404-error-img.78.delaye]
[apptime.eu.org/image/home-1/jpg/image/inner-page/png/image/inner-page/png/image/inner-page/png/image/inner-page/png/image/inner-page/png/image/inner-page/png/image/inn/404-error-img.79.delaye]
[apptime.eu.org/image/home-2/jpg/image/inner-page/png/image/inner-page/png/image/inner-page/png/image/inner-page/png/image/inner-page/png/image/inner-page/png/image/inn/404-error-img.7a.delaye]
[apptime.eu.org/image/home-1/png/image/inner-page/png/image/inner-page/png/image/inner-page/png/image/inner-page/png/image/inner-page/png/image/inner-page/png/image/inn/404-error-img.7b.delaye]
[apptime.eu.org/image/home-1/jpg/image/inner-page/png/image/inner-page/png/image/inner-page/png/image/inner-page/png/image/inner-page/png/image/inner-page/png/image/inn/404-error-img.7c.delaye]
[apptime.eu.org/image/home-2/jpg/image/inner-page/png/image/inner-page/png/image/inner-page/png/image/inner-page/png/image/inner-page/png/image/inner-page/png/image/inn/404-error-img.7d.delaye]
[apptime.eu.org/image/home-1/png/image/inner-page/png/image/inner-page/png/image/inner-page/png/image/inner-page/png/image/inner-page/png/image/inner-page/png/image/inn/404-error-img.7e.delaye]
[apptime.eu.org/image/home-1/jpg/image/inner-page/png/image/inner-page/png/image/inner-page/png/image/inner-page/png/image/inner-page/png/image/inner-page/png/image/inn/404-error-img.7f.delaye]
[apptime.eu.org/image/home-2/jpg/image/inner-page/png/image/inner-page/png/image/inner-page/png/image/inner-page/png/image/inner-page/png/image/inner-page/png/image/inn/404-error-img.80.delaye]
[apptime.eu.org/image/home-1/png/image/inner-page/png/image/inner-page/png/image/inner-page/png/image/inner-page/png/image/inner-page/png/image/inner-page/png/image/inn/404-error-img.81.delaye]
[apptime.eu.org/image/home-1/jpg/image/inner-page/png/image/inner-page/png/image/inner-page/png/image/inner-page/png/image/inner-page/png/image/inner-page/png/image/inn/404-error-img.82.delaye]
[apptime.eu.org/image/home-2/jpg/image/inner-page/png/image/inner-page/png/image/inner-page/png/image/inner-page/png/image/inner-page/png/image/inner-page/png/image/inn/404-error-img.83.delaye]
[apptime.eu.org/image/home-1/png/image/inner-page/png/image/inner-page/png/image/inner-page/png/image/inner-page/png/image/inner-page/png/image/inner-page/png/image/inn/404-error-img.84.delaye]
[apptime.eu.org/image/home-1/jpg/image/inner-page/png/image/inner-page/png/image/inner-page/png/image/inner-page/png/image/inner-page/png/image/inner-page/png/image/inn/404-error-img.85.delaye]
[apptime.eu.org/image/home-2/jpg/image/inner-page/png/image/inner-page/png/image/inner-page/png/image/inner-page/png/image/inner-page/png/image/inner-page/png/image/inn/404-error-img.86.delaye]
[apptime.eu.org/image/home-1/png/image/inner-page/png/image/inner-page/png/image/inner-page/png/image/inner-page/png/image/inner-page/png/image/inner-page/png/image/inn/404-error-img.87.delaye]
[apptime.eu.org/image/home-1/jpg/image/inner-page/png/image/inner-page/png/image/inner-page/png/image/inner-page/png/image/inner-page/png/image/inner-page/png/image/inn/404-error-img.88.delaye]
[apptime.eu.org/image/home-2/jpg/image/inner-page/png/image/inner-page/png/image/inner-page/png/image/inner-page/png/image/inner-page/png/image/inner-page/png/image/inn/404-error-img.89.delaye]
[apptime.eu.org/image/home-1/png/image/inner-page/png/image/inner-page/png/image/inner-page/png/image/inner-page/png/image/inner-page/png/image/inner-page/png/image/inn/404-error-img.8a.delaye]
[apptime.eu.org/image/home-2/jpg/image/inner-page/png/image/inner-page/png/image/inner-page/png/image/inner-page/png/image/inner-page/png/image/inner-page/png/image/inn/404-error-img.8c.delaye]
[apptime.eu.org/image/home-1/png/image/inner-page/png/image/inner-page/png/image/inner-page/png/image/inner-page/png/image/inner-page/png/image/inner-page/png/image/inn/404-error-img.8d.delaye]
[apptime.eu.org/image/home-1/jpg/image/inner-page/png/image/inner-page/png/image/inner-page/png/image/inner-page/png/image/inner-page/png/image/inner-page/png/image/inn/404-error-img.8b.delaye]
[apptime.eu.org/image/home-2/jpg/image/inner-page/png/image/inner-page/png/image/inner-page/png/image/inner-page/png/image/inner-page/png/image/inner-page/png/image/inn/404-error-img.8e.delaye]
[apptime.eu.org/image/home-1/png/image/inner-page/png/image/inner-page/png/image/inner-page/png/image/inner-page/png/image/inner-page/png/image/inner-page/png/image/inn/404-error-img.8f.delaye]
[apptime.eu.org/image/home-1/jpg/image/inner-page/png/image/inner-page/png/image/inner-page/png/image/inner-page/png/image/inner-page/png/image/inner-page/png/image/inn/404-error-img.90.delaye]
[apptime.eu.org/image/home-2/jpg/image/inner-page/png/image/inner-page/png/image/inner-page/png/image/inner-page/png/image/inner-page/png/image/inner-page/png/image/inn/404-error-img.91.delaye]
[apptime.eu.org/image/home-1/png/image/inner-page/png/image/inner-page/png/image/inner-page/png/image/inner-page/png/image/inner-page/png/image/inner-page/png/image/inn/404-error-img.92.delaye]
[apptime.eu.org/image/home-1/jpg/image/inner-page/png/image/inner-page/png/image/inner-page/png/image/inner-page/png/image/inner-page/png/image/inner-page/png/image/inn/404-error-img.93.delaye]
[apptime.eu.org/image/home-2/jpg/image/inner-page/png/image/inner-page/png/image/inner-page/png/image/inner-page/png/image/inner-page/png/image/inner-page/png/image/inn/404-error-img.94.delaye]
[apptime.eu.org/image/home-1/png/image/inner-page/png/image/inner-page/png/image/inner-page/png/image/inner-page/png/image/inner-page/png/image/inner-page/png/image/inn/404-error-img.95.delaye]
[apptime.eu.org/image/home-1/jpg/image/inner-page/png/image/inner-page/png/image/inner-page/png/image/inner-page/png/image/inner-page/png/image/inner-page/png/image/inn/404-error-img.96.delaye]
[apptime.eu.org/image/home-2/jpg/image/inner-page/png/image/inner-page/png/image/inner-page/png/image/inner-page/png/image/inner-page/png/image/inner-page/png/image/inn/404-error-img.97.delaye]
[apptime.eu.org/image/home-1/png/image/inner-page/png/image/inner-page/png/image/inner-page/png/image/inner-page/png/image/inner-page/png/image/inner-page/png/image/inn/404-error-img.98.delaye]
[apptime.eu.org/image/home-1/jpg/image/inner-page/png/image/inner-page/png/image/inner-page/png/image/inner-page/png/image/inner-page/png/image/inner-page/png/image/inn/404-error-img.99.delaye]
[apptime.eu.org/image/home-2/jpg/image/inner-page/png/image/inner-page/png/image/inner-page/png/image/inner-page/png/image/inner-page/png/image/inner-page/png/image/inn/404-error-img.9a.delaye]
[apptime.eu.org/image/home-1/png/image/inner-page/png/image/inner-page/png/image/inner-page/png/image/inner-page/png/image/inner-page/png/image/inner-page/png/image/inn/404-error-img.9b.delaye]
[apptime.eu.org/image/home-1/jpg/image/inner-page/png/image/inner-page/png/image/inner-page/png/image/inner-page/png/image/inner-page/png/image/inner-page/png/image/inn/404-error-img.9c.delaye]
[apptime.eu.org/image/home-2/jpg/image/inner-page/png/image/inner-page/png/image/inner-page/png/image/inner-page/png/image/inner-page/png/image/inner-page/png/image/inn/404-error-img.9d.delaye]
[apptime.eu.org/image/home-1/png/image/inner-page/png/image/inner-page/png/image/inner-page/png/image/inner-page/png/image/inner-page/png/image/inner-page/png/image/inn/404-error-img.9e.delaye]
[apptime.eu.org/image/home-1/jpg/image/inner-page/png/image/inner-page/png/image/inner-page/png/image/inner-page/png/image/inner-page/png/image/inner-page/png/image/inn/404-error-img.9f.delaye]
[apptime.eu.org/image/home-2/jpg/image/inner-page/png/image/inner-page/png/image/inner-page/png/image/inner-page/png/image/inner-page/png/image/inner-page/png/image/inn/404-error-img.a0.delaye]
[apptime.eu.org/image/home-1/png/image/inner-page/png/image/inner-page/png/image/inner-page/png/image/inner-page/png/image/inner-page/png/image/inner-page/png/image/inn/404-error-img.a1.delaye]
[apptime.eu.org/image/home-1/jpg/image/inner-page/png/image/inner-page/png/image/inner-page/png/image/inner-page/png/image/inner-page/png/image/inner-page/png/image/inn/404-error-img.a2.delaye]
[apptime.eu.org/image/home-2/jpg/image/inner-page/png/image/inner-page/png/image/inner-page/png/image/inner-page/png/image/inner-page/png/image/inner-page/png/image/inn/404-error-img.a3.delaye]
[apptime.eu.org/image/home-1/png/image/inner-page/png/image/inner-page/png/image/inner-page/png/image/inner-page/png/image/inner-page/png/image/inner-page/png/image/inn/404-error-img.a4.delaye]
[apptime.eu.org/image/home-1/jpg/image/inner-page/png/image/inner-page/png/image/inner-page/png/image/inner-page/png/image/inner-page/png/image/inner-page/png/image/inn/404-error-img.a5.delaye]
[apptime.eu.org/image/home-2/jpg/image/inner-page/png/image/inner-page/png/image/inner-page/png/image/inner-page/png/image/inner-page/png/image/inner-page/png/image/inn/404-error-img.a6.delaye]
[apptime.eu.org/image/home-1/png/image/inner-page/png/image/inner-page/png/image/inner-page/png/image/inner-page/png/image/inner-page/png/image/inner-page/png/image/inn/404-error-img.a7.delaye]
[apptime.eu.org/image/home-1/jpg/image/inner-page/png/image/inner-page/png/image/inner-page/png/image/inner-page/png/image/inner-page/png/image/inner-page/png/image/inn/404-error-img.a8.delaye]
[apptime.eu.org/image/home-2/jpg/image/inner-page/png/image/inner-page/png/image/inner-page/png/image/inner-page/png/image/inner-page/png/image/inner-page/png/image/inn/404-error-img.a9.delaye]
[apptime.eu.org/image/home-1/png/image/inner-page/png/image/inner-page/png/image/inner-page/png/image/inner-page/png/image/inner-page/png/image/inner-page/png/image/inn/404-error-img.aa.delaye]
[apptime.eu.org/image/home-1/jpg/image/inner-page/png/image/inner-page/png/image/inner-page/png/image/inner-page/png/image/inner-page/png/image/inner-page/png/image/inn/404-error-img.ab.delaye]
[apptime.eu.org/image/home-2/jpg/image/inner-page/png/image/inner-page/png/image/inner-page/png/image/inner-page/png/image/inner-page/png/image/inner-page/png/image/inn/404-error-img.ac.delaye]
[apptime.eu.org/image/home-1/png/image/inner-page/png/image/inner-page/png/image/inner-page/png/image/inner-page/png/image/inner-page/png/image/inner-page/png/image/inn/404-error-img.ad.delaye]
[apptime.eu.org/image/home-1/jpg/image/inner-page/png/image/inner-page/png/image/inner-page/png/image/inner-page/png/image/inner-page/png/image/inner-page/png/image/inn/404-error-img.ae.delaye]
[apptime.eu.org/image/home-2/jpg/image/inner-page/png/image/inner-page/png/image/inner-page/png/image/inner-page/png/image/inner-page/png/image/inner-page/png/image/inn/404-error-img.af.delaye]
[apptime.eu.org/image/home-1/jpg/image/inner-page/png/image/inner-page/png/image/inner-page/png/image/inner-page/png/image/inner-page/png/image/inner-page/png/image/inn/404-error-img.b0.delaye]
[apptime.eu.org/image/home-1/jpg/image/inner-page/png/image/inner-page/png/image/inner-page/png/image/inner-page/png/image/inner-page/png/image/inner-page/png/image/inn/404-error-img.b1.delaye]
